Microchip MPLAB XC8 Compiler V2.50

Linker command line:

-W-3 \
  --edf=C:\Program Files\Microchip\xc8\v2.50\pic\dat\20240725155939_en.msgs \
  -cn -h+dist/default/production\IncubadoraNeonatal.X.production.sym \
  --cmf=dist/default/production\IncubadoraNeonatal.X.production.cmf -z \
  -Q16F877A -oC:\Users\Pichau\AppData\Local\Temp\xcAs8p0.\driver_tmp_3.o \
  --defsym=__MPLAB_BUILD=1 --fixupoverflow=error \
  -Mdist/default/production/IncubadoraNeonatal.X.production.map \
  --md=C:\Users\Pichau\AppData\Local\Temp\xcAs8p0.\driver_tmp_0.dat -E1 \
  -ver=XC8 Compiler --acfsm=1493 -ACODE=00h-07FFhx4 -ASTRCODE=00h-01FFFh \
  -ASTRING=00h-0FFhx32 -ACONST=00h-0FFhx32 -AENTRY=00h-0FFhx32 \
  -ACOMMON=070h-07Fh -ABANK0=020h-06Fh -ABANK1=0A0h-0EFh \
  -ABANK2=0110h-016Fh -ABANK3=0190h-01EFh \
  -ARAM=020h-06Fh,0A0h-0EFh,0110h-016Fh,0190h-01EFh \
  -AABS1=020h-07Fh,0A0h-0EFh,0110h-016Fh,0190h-01EFh -ASFR0=00h-01Fh \
  -ASFR1=080h-09Fh -ASFR2=0100h-010Fh -ASFR3=0180h-018Fh \
  -ACONFIG=02007h-02007h -DCONFIG=2 -AIDLOC=02000h-02003h -DIDLOC=2 \
  -AEEDATA=00h-0FFh/02100h -peeprom_data=EEDATA -DEEDATA=2 -DCODE=2 \
  -DSTRCODE=2 -DSTRING=2 -DCONST=2 -DENTRY=2 \
  -preset_vec=00h,intentry=04h,sivt,init,end_init -ppowerup=CODE \
  -pcinit=CODE -pfunctab=ENTRY -k \
  C:\Users\Pichau\AppData\Local\Temp\xcAs8p0.\driver_tmp_17.o \
  dist/default/production\IncubadoraNeonatal.X.production.o 

Object code version is 3.11

Machine type is 16F877A



                Name                               Link     Load   Length Selector   Space Scale
C:\Users\Pichau\AppData\Local\Temp\xcAs8p0.\driver_tmp_17.o
                end_init                              C        C        3        8       0
                reset_vec                             0        0        3        0       0
                config                             2007     2007        1        0       4
dist/default/production\IncubadoraNeonatal.X.production.o
                cinit                                 F        F       1C        8       0
                intentry                              4        4        8        8       0
                config                             2007     2007        1        0       4
                text29                              F50      F50       22     1EA0       0
                text28                              F72      F72       22     1EE4       0
                text27                              F18      F18       1A     1E30       0
                text26                              4D2      4D2       5D        8       0
                text25                              36A      36A       99        8       0
                text24                              7B2      7B2       33      EF6       0
                text23                              ED8      ED8        A     1DB0       0
                text22                              EF8      EF8        D     1DF0       0
                text21                              5DF      5DF       4E        8       0
                text20                              77B      77B       37      EF6       0
                text19                              6C2      6C2       46        8       0
                text18                              46F      46F       63        8       0
                text17                              588      588       57        8       0
                text16                              F05      F05       13     1E0A       0
                text15                              ECF      ECF        1     1D9E       0
                text14                              2CA      2CA       A0        8       0
                text13                              1C3      1C3      107        8       0
                text12                              F94      F94       23     1F28       0
                text11                              FB7      FB7       23     1F6E       0
                text10                              708      708       3A        8       0
                text9                               7E5      7E5       1B      EF6       0
                text8                               62D      62D       4C        8       0
                text7                               EEC      EEC        C     1DD8       0
                text6                               FDA      FDA       26     1FB4       0
                text5                               679      679       49        8       0
                text4                               F32      F32       1E     1E64       0
                text3                               EE2      EE2        A     1DC4       0
                text2                               403      403       6C        8       0
                text1                               52F      52F       59        8       0
                maintext                             2B       2B      198        8       0
                cstackBANK0                          20       20       31       20       1
                cstackCOMMON                         70       70        A       70       1
                clrtext                             ED0      ED0        8     1DA0       0
                bssBANK1                             A0       A0       30       A0       1
                bssBANK0                             51       51       1D       20       1
                dataCOMMON                           7B       7B        1       70       1
                bitbssCOMMON                        3D0       7A        2       70       1     8
                strings                             742      742       39      E84       0
                idataCOMMON                           3        3        1        0       0

TOTAL           Name                               Link     Load   Length     Space
        CLASS   CODE           
                end_init                              C        C        3         0
                cinit                                 F        F       1C         0
                intentry                              4        4        8         0
                reset_vec                             0        0        3         0
                text29                              F50      F50       22         0
                text28                              F72      F72       22         0
                text27                              F18      F18       1A         0
                text26                              4D2      4D2       5D         0
                text25                              36A      36A       99         0
                text24                              7B2      7B2       33         0
                text23                              ED8      ED8        A         0
                text22                              EF8      EF8        D         0
                text21                              5DF      5DF       4E         0
                text20                              77B      77B       37         0
                text19                              6C2      6C2       46         0
                text18                              46F      46F       63         0
                text17                              588      588       57         0
                text16                              F05      F05       13         0
                text15                              ECF      ECF        1         0
                text14                              2CA      2CA       A0         0
                text13                              1C3      1C3      107         0
                text12                              F94      F94       23         0
                text11                              FB7      FB7       23         0
                text10                              708      708       3A         0
                text9                               7E5      7E5       1B         0
                text8                               62D      62D       4C         0
                text7                               EEC      EEC        C         0
                text6                               FDA      FDA       26         0
                text5                               679      679       49         0
                text4                               F32      F32       1E         0
                text3                               EE2      EE2        A         0
                text2                               403      403       6C         0
                text1                               52F      52F       59         0
                maintext                             2B       2B      198         0
                clrtext                             ED0      ED0        8         0
                idataCOMMON                           3        3        1         0

        CLASS   STRCODE        

        CLASS   STRING         
                strings                             742      742       39         0

        CLASS   CONST          

        CLASS   ENTRY          

        CLASS   COMMON         
                cstackCOMMON                         70       70        A         1
                dataCOMMON                           7B       7B        1         1
                bitbssCOMMON                        3D0       7A        2         1

        CLASS   BANK0          
                cstackBANK0                          20       20       31         1
                bssBANK0                             51       51       1D         1

        CLASS   BANK1          
                bssBANK1                             A0       A0       30         1

        CLASS   BANK2          

        CLASS   BANK3          

        CLASS   RAM            

        CLASS   ABS1           
                abs_s1                               7E       7E        2         1

        CLASS   SFR0           

        CLASS   SFR1           

        CLASS   SFR2           

        CLASS   SFR3           

        CLASS   CONFIG         
                config                             2007     2007        1         4

        CLASS   IDLOC          

        CLASS   EEDATA         

        CLASS   HEAP           

        CLASS   STACK          



SEGMENTS        Name                           Load    Length   Top    Selector   Space  Class     Delta

                reset_vec                      000000  000004  000004         0       0  CODE        2
                intentry                       000004  00073E  000742         8       0  CODE        2
                cstackBANK0                    000020  00004E  00006E        20       1  BANK0       1
                cstackCOMMON                   000070  00000C  00007C        70       1  COMMON      1
                bssBANK1                       0000A0  000030  0000D0        A0       1  BANK1       1
                strings                        000742  000039  00077B       E84       0  STRING      2
                text20                         00077B  000085  000800       EF6       0  CODE        2
                text15                         000ECF  000001  000ED0      1D9E       0  CODE        2
                clrtext                        000ED0  000008  000ED8      1DA0       0  CODE        2
                text23                         000ED8  00000A  000EE2      1DB0       0  CODE        2
                text3                          000EE2  00000A  000EEC      1DC4       0  CODE        2
                text7                          000EEC  00000C  000EF8      1DD8       0  CODE        2
                text22                         000EF8  00000D  000F05      1DF0       0  CODE        2
                text16                         000F05  000013  000F18      1E0A       0  CODE        2
                text27                         000F18  00001A  000F32      1E30       0  CODE        2
                text4                          000F32  00001E  000F50      1E64       0  CODE        2
                text29                         000F50  000022  000F72      1EA0       0  CODE        2
                text28                         000F72  000022  000F94      1EE4       0  CODE        2
                text12                         000F94  000023  000FB7      1F28       0  CODE        2
                text11                         000FB7  000023  000FDA      1F6E       0  CODE        2
                text6                          000FDA  000026  001000      1FB4       0  CODE        2


UNUSED ADDRESS RANGES

        Name                Unused          Largest block    Delta
        BANK0            006E-006F              2           1
        BANK1            00D0-00EF             20           1
        BANK2            0110-016F             60           1
        BANK3            0190-01EF             60           1
        CODE             0800-0ECE            6CF           2
                         1000-1FFF            800
        COMMON           007C-007D              2           1
        CONST            0800-0ECE            100           2
                         1000-1FFF            100
        EEDATA           2100-21FF            100           2
        ENTRY            0800-0ECE            100           2
                         1000-1FFF            100
        IDLOC            2000-2003              4           2
        RAM              006E-006F              2           1
                         00D0-00EF             20
                         0110-016F             60
                         0190-01EF             60
        SFR0             0000-001F             20           1
        SFR1             0080-009F             20           1
        SFR2             0100-010F             10           1
        SFR3             0180-018F             10           1
        STRCODE          0800-0ECE            6CF           2
                         1000-1FFF           1000
        STRING           0800-0ECE            100           2
                         1000-1FFF            100

                                  Symbol Table

?___aldiv                       cstackCOMMON 0072
?___awdiv                       cstackCOMMON 0072
?___awmod                       cstackCOMMON 0072
?_abs                           cstackCOMMON 0078
?_sprintf                       cstackBANK0  003B
?_vfprintf                      cstackBANK0  0036
Lcd_Cmd@a                       cstackCOMMON 0075
Lcd_Port@a                      cstackCOMMON 0072
Lcd_Set_Cursor@a                cstackBANK0  0020
Lcd_Set_Cursor@b                cstackCOMMON 0076
Lcd_Set_Cursor@temp             cstackBANK0  0023
Lcd_Set_Cursor@y                cstackBANK0  0022
Lcd_Set_Cursor@z                cstackBANK0  0021
Lcd_Write_Char@a                cstackCOMMON 0076
Lcd_Write_Char@temp             cstackCOMMON 0074
Lcd_Write_Char@y                cstackCOMMON 0075
Lcd_Write_String@a              cstackCOMMON 0077
Lcd_Write_String@i              cstackBANK0  0023
UART_Init@baud_rate             cstackBANK0  0027
UART_Write@data                 cstackCOMMON 0072
UART_Write_Text@text            cstackCOMMON 0073
_ADCON0bits                     (abs)        001F
_ADCON1bits                     (abs)        009F
_ADRESH                         (abs)        001E
_ADRESL                         (abs)        009E
_INTCONbits                     (abs)        000B
_Lcd_Clear                      text22       0EF8
_Lcd_Cmd                        text27       0F18
_Lcd_Init                       text26       04D2
_Lcd_Port                       text28       0F72
_Lcd_Set_Cursor                 text21       05DF
_Lcd_Write_Char                 text20       077B
_Lcd_Write_String               text19       06C2
_OPTION_REGbits                 (abs)        0081
_PIE1bits                       (abs)        008C
_PIR1bits                       (abs)        000C
_PORTAbits                      (abs)        0005
_PORTBbits                      (abs)        0006
_PORTCbits                      (abs)        0007
_RCSTAbits                      (abs)        0018
_RD0                            (abs)        0040
_RD1                            (abs)        0041
_RD4                            (abs)        0044
_RD5                            (abs)        0045
_RD6                            (abs)        0046
_RD7                            (abs)        0047
_RH                             bssBANK0     005F
_SPBRG                          (abs)        0099
_T1CONbits                      (abs)        0010
_TMR1H                          (abs)        000F
_TMR1IF                         (abs)        0060
_TMR1L                          (abs)        000E
_TRISAbits                      (abs)        0085
_TRISBbits                      (abs)        0086
_TRISCbits                      (abs)        0087
_TRISD                          (abs)        0088
_TXREG                          (abs)        0019
_TXSTAbits                      (abs)        0098
_TrataInt                       text29       0F50
_UART_Init                      text24       07B2
_UART_Write                     text7        0EEC
_UART_Write_Text                text6        0FDA
__H__absolute__                 __absolute__ 0000
__Habs1                         abs1         0000
__Hbank0                        bank0        0000
__Hbank1                        bank1        0000
__Hbank2                        bank2        0000
__Hbank3                        bank3        0000
__HbitbssCOMMON                 bitbssCOMMON 0000
__HbssBANK0                     bssBANK0     0000
__HbssBANK1                     bssBANK1     0000
__Hcinit                        cinit        002B
__Hclrtext                      clrtext      0000
__Hcode                         code         0000
__Hcommon                       common       0000
__Hconfig                       config       2008
__HcstackBANK0                  cstackBANK0  0000
__HcstackCOMMON                 cstackCOMMON 0000
__HdataCOMMON                   dataCOMMON   0000
__Heeprom_data                  eeprom_data  0000
__Hend_init                     end_init     000F
__Hfunctab                      functab      0000
__Hheap                         heap         0000
__HidataCOMMON                  idataCOMMON  0000
__Hinit                         init         000C
__Hintentry                     intentry     000C
__Hmaintext                     maintext     0000
__Hpowerup                      powerup      0000
__Hram                          ram          0000
__Hreset_vec                    reset_vec    0003
__Hsfr0                         sfr0         0000
__Hsfr1                         sfr1         0000
__Hsfr2                         sfr2         0000
__Hsfr3                         sfr3         0000
__Hsivt                         sivt         000C
__Hspace_0                      (abs)        1000
__Hspace_1                      (abs)        03D2
__Hspace_2                      (abs)        0000
__Hspace_3                      (abs)        0000
__Hspace_4                      (abs)        400F
__Hstack                        stack        0000
__Hstrings                      strings      0000
__Htext                         text         0000
__L__absolute__                 __absolute__ 0000
__Labs1                         abs1         0000
__Lbank0                        bank0        0000
__Lbank1                        bank1        0000
__Lbank2                        bank2        0000
__Lbank3                        bank3        0000
__LbitbssCOMMON                 bitbssCOMMON 0000
__LbssBANK0                     bssBANK0     0000
__LbssBANK1                     bssBANK1     0000
__Lcinit                        cinit        000F
__Lclrtext                      clrtext      0000
__Lcode                         code         0000
__Lcommon                       common       0000
__Lconfig                       config       0000
__LcstackBANK0                  cstackBANK0  0000
__LcstackCOMMON                 cstackCOMMON 0000
__LdataCOMMON                   dataCOMMON   0000
__Leeprom_data                  eeprom_data  0000
__Lend_init                     end_init     000C
__Lfunctab                      functab      0000
__Lheap                         heap         0000
__LidataCOMMON                  idataCOMMON  0000
__Linit                         init         000C
__Lintentry                     intentry     0004
__Lmaintext                     maintext     0000
__Lpowerup                      powerup      0000
__Lram                          ram          0000
__Lreset_vec                    reset_vec    0000
__Lsfr0                         sfr0         0000
__Lsfr1                         sfr1         0000
__Lsfr2                         sfr2         0000
__Lsfr3                         sfr3         0000
__Lsivt                         sivt         000C
__Lspace_0                      (abs)        0000
__Lspace_1                      (abs)        0000
__Lspace_2                      (abs)        0000
__Lspace_3                      (abs)        0000
__Lspace_4                      (abs)        0000
__Lstack                        stack        0000
__Lstrings                      strings      0000
__Ltext                         text         0000
__S0                            (abs)        1000
__S1                            (abs)        00D0
__S3                            (abs)        0000
___aldiv                        text25       036A
___aldiv@counter                cstackBANK0  0021
___aldiv@dividend               cstackCOMMON 0076
___aldiv@divisor                cstackCOMMON 0072
___aldiv@quotient               cstackBANK0  0023
___aldiv@sign                   cstackBANK0  0022
___awdiv                        text18       046F
___awdiv@counter                cstackCOMMON 0076
___awdiv@dividend               cstackCOMMON 0074
___awdiv@divisor                cstackCOMMON 0072
___awdiv@quotient               cstackCOMMON 0078
___awdiv@sign                   cstackCOMMON 0077
___awmod                        text17       0588
___awmod@counter                cstackCOMMON 0076
___awmod@dividend               cstackCOMMON 0074
___awmod@divisor                cstackCOMMON 0072
___awmod@sign                   cstackCOMMON 0077
___heap_hi                      (abs)        0000
___heap_lo                      (abs)        0000
___int_sp                       stack        0000
___int_stack_hi                 stack        0000
___int_stack_lo                 stack        0000
___latbits                      (abs)        0002
___sp                           stack        0000
___stack_hi                     stack        0000
___stack_lo                     stack        0000
___stackhi                      (abs)        0000
___stacklo                      (abs)        0000
__end_of_Lcd_Clear              text22       0F05
__end_of_Lcd_Cmd                text27       0F32
__end_of_Lcd_Init               text26       052F
__end_of_Lcd_Port               text28       0F94
__end_of_Lcd_Set_Cursor         text21       062D
__end_of_Lcd_Write_Char         text20       07B2
__end_of_Lcd_Write_String       text19       0708
__end_of_TrataInt               text29       0F72
__end_of_UART_Init              text24       07E5
__end_of_UART_Write             text7        0EF8
__end_of_UART_Write_Text        text6        1000
__end_of___aldiv                text25       0403
__end_of___awdiv                text18       04D2
__end_of___awmod                text17       05DF
__end_of__initialization        cinit        0027
__end_of__stringtab             strings      0752
__end_of_abs                    text16       0F18
__end_of_decrementarTemperatura text23       0EE2
__end_of_definir_temperatura    text10       0742
__end_of_dht11_init             text9        0800
__end_of_display_dht11_data     text8        0679
__end_of_display_terminal_data  text5        06C2
__end_of_find_response          text4        0F50
__end_of_fputc                  text14       036A
__end_of_incrementarTemperatura text3        0EEC
__end_of_main                   maintext     01C3
__end_of_putch                  text15       0ED0
__end_of_read_dht11             text2        046F
__end_of_read_dht11_data        text1        0588
__end_of_sprintf                text11       0FDA
__end_of_vfpfcnvrt              text13       02CA
__end_of_vfprintf               text12       0FB7
__initialization                cinit        000F
__pbitbssCOMMON                 bitbssCOMMON 03D0
__pbssBANK0                     bssBANK0     0051
__pbssBANK1                     bssBANK1     00A0
__pcstackBANK0                  cstackBANK0  0020
__pcstackCOMMON                 cstackCOMMON 0070
__pdataCOMMON                   dataCOMMON   007B
__pidataCOMMON                  idataCOMMON  0003
__pintentry                     intentry     0004
__pmaintext                     maintext     002B
__pstrings                      strings      0742
__ptext1                        text1        052F
__ptext10                       text10       0708
__ptext11                       text11       0FB7
__ptext12                       text12       0F94
__ptext13                       text13       01C3
__ptext14                       text14       02CA
__ptext15                       text15       0ECF
__ptext16                       text16       0F05
__ptext17                       text17       0588
__ptext18                       text18       046F
__ptext19                       text19       06C2
__ptext2                        text2        0403
__ptext20                       text20       077B
__ptext21                       text21       05DF
__ptext22                       text22       0EF8
__ptext23                       text23       0ED8
__ptext24                       text24       07B2
__ptext25                       text25       036A
__ptext26                       text26       04D2
__ptext27                       text27       0F18
__ptext28                       text28       0F72
__ptext29                       text29       0F50
__ptext3                        text3        0EE2
__ptext4                        text4        0F32
__ptext5                        text5        0679
__ptext6                        text6        0FDA
__ptext7                        text7        0EEC
__ptext8                        text8        062D
__ptext9                        text9        07E5
__stringbase                    strings      0751
__stringtab                     strings      0742
_abs                            text16       0F05
_aquecedorLigado                bitbssCOMMON 03D0
_checkBit                       bssBANK0     0065
_contador                       bssBANK0     005B
_dbuf                           bssBANK1     00A0
_decrementarTemperatura         text23       0ED8
_definir_temperatura            text10       0708
_dht11_init                     text9        07E5
_display_dht11_data             text8        062D
_display_terminal_data          text5        0679
_enviarDadosTerminal            bitbssCOMMON 03D1
_find_response                  text4        0F32
_flags                          bssBANK0     005D
_fputc                          text14       02CA
_incrementarTemperatura         text3        0EE2
_infoTempBuffer                 bssBANK1     00C8
_main                           maintext     002B
_oxigValor                      bssBANK0     0059
_prec                           bssBANK0     0053
_putch                          text15       0ECF
_read_dht11                     text2        0403
_read_dht11_data                text1        052F
_rhByte1                        bssBANK0     0062
_rhByte2                        bssBANK0     0061
_sprintf                        text11       0FB7
_sumation                       bssBANK0     005E
_tempBuffer                     bssBANK0     0066
_tempByte1                      bssBANK0     0064
_tempByte2                      bssBANK0     0063
_tempValor                      bssBANK0     0057
_temper                         bssBANK0     0060
_temperaturaIdeal               dataCOMMON   007B
_umidadeBuffer                  bssBANK1     00C0
_umidadeValor                   bssBANK0     0055
_vfpfcnvrt                      text13       01C3
_vfprintf                       text12       0F94
_width                          bssBANK0     0051
abs@a                           cstackCOMMON 0078
btemp                           (abs)        007E
clear_ram0                      clrtext      0ED0
end_of_initialization           cinit        0027
fputc@c                         cstackCOMMON 0072
fputc@fp                        cstackCOMMON 0074
interrupt_function              intentry     0004
intlevel0                       functab      0000
intlevel1                       functab      0000
intlevel2                       functab      0000
intlevel3                       functab      0000
intlevel4                       functab      0000
intlevel5                       functab      0000
read_dht11@data                 cstackCOMMON 0073
read_dht11@i                    cstackCOMMON 0076
read_dht11@timeout              cstackCOMMON 0074
reset_vec                       reset_vec    0000
saved_w                         (abs)        007E
sprintf@ap                      cstackBANK0  0040
sprintf@f                       cstackBANK0  0041
sprintf@fmt                     cstackBANK0  003C
sprintf@s                       cstackBANK0  003B
start                           init         000C
start_initialization            cinit        000F
vfpfcnvrt@ap                    cstackBANK0  002C
vfpfcnvrt@c                     cstackBANK0  0035
vfpfcnvrt@convarg               cstackBANK0  0031
vfpfcnvrt@cp                    cstackBANK0  0030
vfpfcnvrt@done                  cstackBANK0  002F
vfpfcnvrt@fmt                   cstackBANK0  002B
vfpfcnvrt@fp                    cstackBANK0  0029
vfprintf@ap                     cstackBANK0  0039
vfprintf@cfmt                   cstackBANK0  003A
vfprintf@fmt                    cstackBANK0  0038
vfprintf@fp                     cstackBANK0  0036
wtemp0                          (abs)        007E


MODULE INFORMATION

Module		Function		Class		Link	Load	Size
./lcd.h
		_Lcd_Write_String		CODE           	06C2	0000	70
		_Lcd_Init      		CODE           	04D2	0000	93
		_Lcd_Write_Char		CODE           	077B	0000	55
		_Lcd_Cmd       		CODE           	0F18	0000	26
		_Lcd_Set_Cursor		CODE           	05DF	0000	78
		_Lcd_Clear     		CODE           	0EF8	0000	13
		_Lcd_Port      		CODE           	0F72	0000	34

./lcd.h estimated size: 369

./UART.h
		_UART_Init     		CODE           	07B2	0000	51
		_UART_Write_Text		CODE           	0FDA	0000	38
		_UART_Write    		CODE           	0EEC	0000	12

./UART.h estimated size: 101

C:\Program Files\Microchip\xc8\v2.50\pic\sources\c99\common\awmod.c
		___awmod       		CODE           	0588	0000	87

C:\Program Files\Microchip\xc8\v2.50\pic\sources\c99\common\awmod.c estimated size: 87

C:\Program Files\Microchip\xc8\v2.50\pic\sources\c99\common\putch.c
		_putch         		CODE           	0ECF	0000	1

C:\Program Files\Microchip\xc8\v2.50\pic\sources\c99\common\putch.c estimated size: 1

C:\Program Files\Microchip\xc8\v2.50\pic\sources\c99\common\abs.c
		_abs           		CODE           	0F05	0000	19

C:\Program Files\Microchip\xc8\v2.50\pic\sources\c99\common\abs.c estimated size: 19

./dht11.h
		_read_dht11    		CODE           	0403	0000	108
		_find_response 		CODE           	0F32	0000	30
		_dht11_init    		CODE           	07E5	0000	27

./dht11.h estimated size: 165

C:\Program Files\Microchip\xc8\v2.50\pic\sources\c99\common\nf_sprintf.c
		_sprintf       		CODE           	0FB7	0000	35

C:\Program Files\Microchip\xc8\v2.50\pic\sources\c99\common\nf_sprintf.c estimated size: 35

C:\Program Files\Microchip\xc8\v2.50\pic\sources\c99\common\nf_fputc.c
		_fputc         		CODE           	02CA	0000	160

C:\Program Files\Microchip\xc8\v2.50\pic\sources\c99\common\nf_fputc.c estimated size: 160

shared
		__stringtab    		STRING         	0742	0000	16
		__initialization		CODE           	000F	0000	24

shared estimated size: 40

C:\Program Files\Microchip\xc8\v2.50\pic\sources\c99\common\awdiv.c
		___awdiv       		CODE           	046F	0000	99

C:\Program Files\Microchip\xc8\v2.50\pic\sources\c99\common\awdiv.c estimated size: 99

C:\Program Files\Microchip\xc8\v2.50\pic\sources\c99\common\doprnt.c
		_vfpfcnvrt     		CODE           	01C3	0000	263
		_vfprintf      		CODE           	0F94	0000	35

C:\Program Files\Microchip\xc8\v2.50\pic\sources\c99\common\doprnt.c estimated size: 298

C:\Program Files\Microchip\xc8\v2.50\pic\sources\c99\common\aldiv.c
		___aldiv       		CODE           	036A	0000	153

C:\Program Files\Microchip\xc8\v2.50\pic\sources\c99\common\aldiv.c estimated size: 153

main.c
		_TrataInt      		CODE           	0F50	0000	34
		_read_dht11_data		CODE           	052F	0000	89
		_decrementarTemperatura		CODE           	0ED8	0000	10
		_definir_temperatura		CODE           	0708	0000	58
		_display_terminal_data		CODE           	0679	0000	73
		_main          		CODE           	002B	0000	408
		_incrementarTemperatura		CODE           	0EE2	0000	10
		_display_dht11_data		CODE           	062D	0000	76

main.c estimated size: 758

